// Jest Snapshot v1, https://goo.gl/fbAQLP

exports[`InfoPage should match its empty snapshot 1`] = `
<div>
  <h1>
    Info
  </h1>
  <p>
    coming soon!
  </p>
</div>
`;
