// Jest Snapshot v1, https://goo.gl/fbAQLP

exports[`ContactPage should match its empty snapshot 1`] = `
<div>
  <p>
    Contact
  </p>
</div>
`;
