// Jest Snapshot v1, https://goo.gl/fbAQLP

exports[`ProfilePage should match its empty snapshot 1`] = `
<div>
  <p>
    Profile
  </p>
</div>
`;
